// Jest Snapshot v1, https://goo.gl/fbAQLP

exports[`should display the correct amount of expenses and correct toal 1`] = `
<div>
  <p>
    114195
  </p>
</div>
`;
