// Jest Snapshot v1, https://goo.gl/fbAQLP

exports[`tests rendering of expense dashboard page 1`] = `
<div>
  <Connect(ExpenseListFilters) />
  <Connect(ExpenseList) />
</div>
`;
